2026/05/16 15:51:50 DEBU Env: CLAB_VERSION_CHECK=
15:51:50 DEBU Changed running UIDs to UID: 0 GID: 988
15:51:50 DEBU Dropped root privileges
15:51:50 DEBU trying to find topology files automatically
15:51:50 DEBU topology file found: lab.clab.yml
15:51:50 DEBU Already running as root, skipping root privilege escalation
15:51:50 INFO Containerlab started version=0.75.0
15:51:50 DEBU env runtime var value is 
15:51:50 DEBU Running runtime.Init with params &{Timeout:2m0s GracefulShutdown:false Debug:true KeepMgmtNet:false VerifyLinkParams:<nil>} and &{Network: Bridge: IPv4Subnet: IPv4Gw: IPv4Range: IPv6Subnet: IPv6Gw: IPv6Range: MTU:0 ExternalAccess:<nil> DriverOpts:map[]}
15:51:50 DEBU Runtime: Docker
15:51:50 DEBU initialized a runtime with params &{config:{Timeout:120000000000 GracefulShutdown:false Debug:true KeepMgmtNet:false VerifyLinkParams:0xc0002984cf} Client:0xc0001a2580 mgmt:0xc0003fda40 version:v29.5.0}
15:51:50 DEBU interpreting topo "lab.clab.yml" as file path
15:51:50 DEBU loading template variables...
15:51:50 DEBU searching for template vars files
15:51:50 DEBU template variables: <nil>
15:51:50 DEBU topology:
# Lesson 1: First Containerlab Topology
# Two SR Linux nodes connected directly

name: first-lab

topology:
  nodes:
    # First SR Linux node
    srl1:
      kind: srl
      image: ghcr.io/nokia/srlinux:24.10.1
      binds:
        - /root/.ssh/authorized_keys:/home/admin/.ssh/authorized_keys

    # Second SR Linux node
    srl2:
      kind: srl
      image: ghcr.io/nokia/srlinux:24.10.1
      binds:
        - /root/.ssh/authorized_keys:/home/admin/.ssh/authorized_keys

  links:
    # Connect srl1's ethernet-1/1 to srl2's ethernet-1/1
    - endpoints: ["srl1:e1-1", "srl2:e1-1"]


15:51:50 DEBU extractHostNodeInterfaceData: eps=[srl1:e1-1 srl2:e1-1] specialIndex=0 -> host=srl1 hostIf=e1-1 node=srl2 nodeIf=e1-1
15:51:50 DEBU method initMgmtNetwork was called mgmt params &{Network: Bridge: IPv4Subnet: IPv4Gw: IPv4Range: IPv6Subnet: IPv6Gw: IPv6Range: MTU:0 ExternalAccess:<nil> DriverOpts:map[]}
15:51:50 DEBU New mgmt params are &{Network:clab Bridge: IPv4Subnet:172.20.20.0/24 IPv4Gw: IPv4Range: IPv6Subnet:3fff:172:20:20::/64 IPv6Gw: IPv6Range: MTU:0 ExternalAccess:0xc0004dad50 DriverOpts:map[]}
15:51:50 INFO Parsing & checking topology file=lab.clab.yml
15:51:50 DEBU node config: &{ShortName:srl1 LongName:clab-first-lab-srl1 Fqdn:srl1.first-lab.io LabDir:/kubecraft/DrewElliot_kubecraft/lessons/clab/01-containerlab-primer/topology/clab-first-lab/srl1 Index:0 Group: Kind:srl StartupConfig: StartupDelay:0 EnforceStartupConfig:false SuppressStartupConfig:false AutoRemove:false RestartPolicy: ResStartupConfig: Config:<nil> NodeType: Position: License: Image:ghcr.io/nokia/srlinux:24.10.1 ImagePullPolicy:IfNotPresent Sysctls:map[] User: Entrypoint: Cmd: Exec:[] Env:map[NO_PROXY:localhost,127.0.0.1,::1,*.local,172.20.20.0/24,3fff:172:20:20::/64,srl1,srl2 no_proxy:localhost,127.0.0.1,::1,*.local,172.20.20.0/24,3fff:172:20:20::/64,srl1,srl2] Binds:[] Devices:[] CapAdd:[] ShmSize: PortBindings:map[] ResultingPortBindings:[] PortSet:map[] NetworkMode: PidMode: MgmtNet: MgmtIntf: MgmtIPv4Address: MgmtIPv4PrefixLength:0 MgmtIPv6Address: MgmtIPv6PrefixLength:0 MgmtIPv4Gateway: MgmtIPv6Gateway: MacAddress: ContainerID: TLSCert: TLSKey: TLSAnchor: Certificate:0xc000500ff0 Healthcheck:<nil> Aliases:[] ExtraHosts:[] Labels:map[] Runtime: CPU:0 CPUSet: Memory: Credentials:{Username:admin Password:NokiaSrl1!} Extras:<nil> Stages:0xc000501020 DNS:0xc0000eef00 IsRootNamespaceBased:false SkipUniquenessCheck:false Components:[] Tmpfs:map[]}
15:51:50 DEBU node config: &{ShortName:srl2 LongName:clab-first-lab-srl2 Fqdn:srl2.first-lab.io LabDir:/kubecraft/DrewElliot_kubecraft/lessons/clab/01-containerlab-primer/topology/clab-first-lab/srl2 Index:1 Group: Kind:srl StartupConfig: StartupDelay:0 EnforceStartupConfig:false SuppressStartupConfig:false AutoRemove:false RestartPolicy: ResStartupConfig: Config:<nil> NodeType: Position: License: Image:ghcr.io/nokia/srlinux:24.10.1 ImagePullPolicy:IfNotPresent Sysctls:map[] User: Entrypoint: Cmd: Exec:[] Env:map[NO_PROXY:localhost,127.0.0.1,::1,*.local,172.20.20.0/24,3fff:172:20:20::/64,srl1,srl2 no_proxy:localhost,127.0.0.1,::1,*.local,172.20.20.0/24,3fff:172:20:20::/64,srl1,srl2] Binds:[] Devices:[] CapAdd:[] ShmSize: PortBindings:map[] ResultingPortBindings:[] PortSet:map[] NetworkMode: PidMode: MgmtNet: MgmtIntf: MgmtIPv4Address: MgmtIPv4PrefixLength:0 MgmtIPv6Address: MgmtIPv6PrefixLength:0 MgmtIPv4Gateway: MgmtIPv6Gateway: MacAddress: ContainerID: TLSCert: TLSKey: TLSAnchor: Certificate:0xc00018c900 Healthcheck:<nil> Aliases:[] ExtraHosts:[] Labels:map[] Runtime: CPU:0 CPUSet: Memory: Credentials:{Username:admin Password:NokiaSrl1!} Extras:<nil> Stages:0xc00018c930 DNS:0xc0003b2410 IsRootNamespaceBased:false SkipUniquenessCheck:false Components:[] Tmpfs:map[]}
15:51:50 DEBU Error opening host DNS config run/systemd/resolve/resolv.conf: open run/systemd/resolve/resolv.conf: no such file or directory
15:51:50 DEBU Number of Node workers: 2
15:51:50 DEBU lab Conf: &{Name:first-lab Prefix:0xc00039c810 Mgmt:0xc0003fda40 Settings:<nil> Topology:0xc000263f00 Debug:true}
15:51:50 DEBU Checking if docker network "clab" exists
15:51:50 DEBU Network does not exist name=clab
15:51:50 INFO Creating docker network name=clab IPv4 subnet=172.20.20.0/24 IPv6 subnet=3fff:172:20:20::/64 MTU=0
15:51:50 DEBU Using Docker version 28 or later, enabling NAT unprotected mode on bridge
15:51:50 DEBU Docker network "clab", bridge name "br-5a1af72f6a07"
15:51:50 DEBU Disable RPF check on the docker host
15:51:50 DEBU Enable LLDP on the linux bridge br-5a1af72f6a07
15:51:50 DEBU nftables: ip6 address family generally supported
15:51:50 DEBU nftables: ip6 docker is supported
15:51:50 DEBU using nf_tables as the firewall interface
15:51:50 DEBU Installing iptables rules for interface "br-5a1af72f6a07", direction out, family ipv4
15:51:50 DEBU Installing iptables rules for interface "br-5a1af72f6a07", direction out, family ipv6
15:51:50 DEBU Installing iptables rules for interface "br-5a1af72f6a07", direction in, family ipv4
15:51:50 DEBU Installing iptables rules for interface "br-5a1af72f6a07", direction in, family ipv6
15:51:50 DEBU kernel version: 6.12.88+deb13-amd64

15:51:50 DEBU kernel version: 6.12.88+deb13-amd64

15:51:50 DEBU Looking up ghcr.io/nokia/srlinux:24.10.1 Docker image
15:51:50 DEBU Image ghcr.io/nokia/srlinux:24.10.1 present, skip pulling
15:51:50 DEBU kernel module "ip_tables" is already loaded
15:51:50 DEBU kernel module "ip6_tables" is already loaded
15:51:50 INFO Creating lab directory path=/kubecraft/DrewElliot_kubecraft/lessons/clab/01-containerlab-primer/topology/clab-first-lab
15:51:50 DEBU SUDO_UID env var is not set, using current user home dir: /root
15:51:50 DEBU SUDO_UID env var is not set, using current user home dir: /root
15:51:50 DEBU /root/.ssh/authorized_keys found, adding it to the list of files to get public keys from
15:51:50 DEBU Loaded public key ssh-ed25519 AAAAC3NzaC1lZDI1NTE5AAAAIO7gGSyFnOGopTEqJovd0kcd0KP/WngtW8+Epe9V5pxD root@kc-debian13-test00-Klon
15:51:50 DEBU Loaded public key ssh-rsa AAAAB3NzaC1yc2EAAAADAQABAAABgQCmJxXkj/rd8pmc+UEyDuma0T2xvV900hySJjZMl9bZS1L4ZBd6+Lmd0mjIfrHHVB40yZCGUi7QK4eaArsGOo5RtZ2CGKj7zBOclpXBfseAbT73W+L3C30PcHnAtgFtOqaR8Mbx9NidSSWLcKafH8G8nJUEF2fx4+xsGKaZxIOzPhu742eqWBbjyPzplLAa18aZwQWWWTC/7cibGm89LjW2CrnJrYdVz8LwVTEN7Y+i7jFGKcufEhshoxhdadUsaNF8uBonz3L5d3j6tDuKl+sE5CIWFbwUJ/F+6M9RNG+vmOm+3MR87TaeoEC4cZXH95N667QHQG0bb7juWcvbD/HjpgArt1K+t31KfLIsLVGhm7uOZTAK5X6IxmzIwf4iGvEclWjEDfSkkL6wLNVKgtqK3qhHT/vFeqnHSNizSpDN8CHuMi5d4oUOjUSSUVFXPzeAWla0pk6agS79C9hpS2aUN21qAM9cW6pI8lENdB3Y+6veQ6h7ZTVQzPvtfh4cbC8= root@kc-debian13-test00-Klon
15:51:50 DEBU Loaded public key ssh-ed25519 AAAAC3NzaC1lZDI1NTE5AAAAIO7gGSyFnOGopTEqJovd0kcd0KP/WngtW8+Epe9V5pxD root@kc-debian13-test00-Klon
15:51:50 DEBU Loaded public key ssh-rsa AAAAB3NzaC1yc2EAAAADAQABAAABgQCmJxXkj/rd8pmc+UEyDuma0T2xvV900hySJjZMl9bZS1L4ZBd6+Lmd0mjIfrHHVB40yZCGUi7QK4eaArsGOo5RtZ2CGKj7zBOclpXBfseAbT73W+L3C30PcHnAtgFtOqaR8Mbx9NidSSWLcKafH8G8nJUEF2fx4+xsGKaZxIOzPhu742eqWBbjyPzplLAa18aZwQWWWTC/7cibGm89LjW2CrnJrYdVz8LwVTEN7Y+i7jFGKcufEhshoxhdadUsaNF8uBonz3L5d3j6tDuKl+sE5CIWFbwUJ/F+6M9RNG+vmOm+3MR87TaeoEC4cZXH95N667QHQG0bb7juWcvbD/HjpgArt1K+t31KfLIsLVGhm7uOZTAK5X6IxmzIwf4iGvEclWjEDfSkkL6wLNVKgtqK3qhHT/vFeqnHSNizSpDN8CHuMi5d4oUOjUSSUVFXPzeAWla0pk6agS79C9hpS2aUN21qAM9cW6pI8lENdB3Y+6veQ6h7ZTVQzPvtfh4cbC8= root@kc-debian13-test00-Klon
15:51:50 DEBU SSH_AUTH_SOCK not set, skipping pubkey fetching
15:51:50 DEBU Dependencies:
srl1 -> [  ]
srl2 -> [  ]
15:51:50 DEBU - cycle check round 1 - 
srl2 <- [  ]
srl1 <- [  ]
15:51:50 DEBU node creation graph is successfully validated as being acyclic
15:51:50 DEBU Stage Change: Enter Wait -> srl2 - create
15:51:50 DEBU Stage Change: Enter Wait -> srl1 - create
15:51:50 DEBU Stage Change: Enter Go -> srl1 - create
15:51:50 DEBU Worker 0 received node: &{ShortName:srl1 LongName:clab-first-lab-srl1 Fqdn:srl1.first-lab.io LabDir:/kubecraft/DrewElliot_kubecraft/lessons/clab/01-containerlab-primer/topology/clab-first-lab/srl1 Index:0 Group: Kind:srl StartupConfig: StartupDelay:0 EnforceStartupConfig:false SuppressStartupConfig:false AutoRemove:false RestartPolicy: ResStartupConfig: Config:0xc00006c470 NodeType:ixr-d2l Position: License: Image:ghcr.io/nokia/srlinux:24.10.1 ImagePullPolicy:IfNotPresent Sysctls:map[net.ipv4.ip_forward:0 net.ipv6.conf.all.accept_dad:0 net.ipv6.conf.all.autoconf:0 net.ipv6.conf.all.disable_ipv6:0 net.ipv6.conf.default.accept_dad:0 net.ipv6.conf.default.autoconf:0] User:0:0 Entrypoint: Cmd:sudo -E bash -c 'touch /.dockerenv && /opt/srlinux/bin/sr_linux' Exec:[] Env:map[CLAB_LABEL_CLAB_NODE_GROUP: CLAB_LABEL_CLAB_NODE_KIND:srl CLAB_LABEL_CLAB_NODE_LAB_DIR:/kubecraft/DrewElliot_kubecraft/lessons/clab/01-containerlab-primer/topology/clab-first-lab/srl1 CLAB_LABEL_CLAB_NODE_LONGNAME:clab-first-lab-srl1 CLAB_LABEL_CLAB_NODE_NAME:srl1 CLAB_LABEL_CLAB_NODE_TYPE:ixr-d2l CLAB_LABEL_CLAB_OWNER:root CLAB_LABEL_CLAB_TOPO_FILE:/kubecraft/DrewElliot_kubecraft/lessons/clab/01-containerlab-primer/topology/lab.clab.yml CLAB_LABEL_CONTAINERLAB:first-lab NO_PROXY:localhost,127.0.0.1,::1,*.local,172.20.20.0/24,3fff:172:20:20::/64,srl1,srl2 SRLINUX:1 no_proxy:localhost,127.0.0.1,::1,*.local,172.20.20.0/24,3fff:172:20:20::/64,srl1,srl2] Binds:[/root/.ssh/authorized_keys:/home/admin/.ssh/authorized_keys /kubecraft/DrewElliot_kubecraft/lessons/clab/01-containerlab-primer/topology/clab-first-lab/srl1/config:/etc/opt/srlinux/:rw /kubecraft/DrewElliot_kubecraft/lessons/clab/01-containerlab-primer/topology/clab-first-lab/srl1/topology.yml:/tmp/topology.yml:ro] Devices:[] CapAdd:[] ShmSize: PortBindings:map[] ResultingPortBindings:[] PortSet:map[] NetworkMode: PidMode: MgmtNet: MgmtIntf: MgmtIPv4Address: MgmtIPv4PrefixLength:0 MgmtIPv6Address: MgmtIPv6PrefixLength:0 MgmtIPv4Gateway: MgmtIPv6Gateway: MacAddress: ContainerID: TLSCert: TLSKey: TLSAnchor: Certificate:0xc000500ff0 Healthcheck:<nil> Aliases:[] ExtraHosts:[] Labels:map[clab-mgmt-net-bridge:br-5a1af72f6a07 clab-node-group: clab-node-kind:srl clab-node-lab-dir:/kubecraft/DrewElliot_kubecraft/lessons/clab/01-containerlab-primer/topology/clab-first-lab/srl1 clab-node-longname:clab-first-lab-srl1 clab-node-name:srl1 clab-node-type:ixr-d2l clab-owner:root clab-topo-file:/kubecraft/DrewElliot_kubecraft/lessons/clab/01-containerlab-primer/topology/lab.clab.yml containerlab:first-lab] Runtime: CPU:0 CPUSet: Memory: Credentials:{Username:admin Password:NokiaSrl1!} Extras:<nil> Stages:0xc000501020 DNS:0xc0000eef00 IsRootNamespaceBased:false SkipUniquenessCheck:false Components:[] Tmpfs:map[/run/netns:rw,nosuid,nodev,noexec]}
15:51:50 DEBU Creating directory structure for SRL container: srl1
15:51:50 DEBU {1a:60:00:00:00:00} /kubecraft/DrewElliot_kubecraft/lessons/clab/01-containerlab-primer/topology/clab-first-lab/srl1/topology.yml="missing value"
15:51:50 DEBU Stage Change: Enter Go -> srl2 - create
15:51:50 DEBU Worker 1 received node: &{ShortName:srl2 LongName:clab-first-lab-srl2 Fqdn:srl2.first-lab.io LabDir:/kubecraft/DrewElliot_kubecraft/lessons/clab/01-containerlab-primer/topology/clab-first-lab/srl2 Index:1 Group: Kind:srl StartupConfig: StartupDelay:0 EnforceStartupConfig:false SuppressStartupConfig:false AutoRemove:false RestartPolicy: ResStartupConfig: Config:0xc00006c5b8 NodeType:ixr-d2l Position: License: Image:ghcr.io/nokia/srlinux:24.10.1 ImagePullPolicy:IfNotPresent Sysctls:map[net.ipv4.ip_forward:0 net.ipv6.conf.all.accept_dad:0 net.ipv6.conf.all.autoconf:0 net.ipv6.conf.all.disable_ipv6:0 net.ipv6.conf.default.accept_dad:0 net.ipv6.conf.default.autoconf:0] User:0:0 Entrypoint: Cmd:sudo -E bash -c 'touch /.dockerenv && /opt/srlinux/bin/sr_linux' Exec:[] Env:map[CLAB_LABEL_CLAB_NODE_GROUP: CLAB_LABEL_CLAB_NODE_KIND:srl CLAB_LABEL_CLAB_NODE_LAB_DIR:/kubecraft/DrewElliot_kubecraft/lessons/clab/01-containerlab-primer/topology/clab-first-lab/srl2 CLAB_LABEL_CLAB_NODE_LONGNAME:clab-first-lab-srl2 CLAB_LABEL_CLAB_NODE_NAME:srl2 CLAB_LABEL_CLAB_NODE_TYPE:ixr-d2l CLAB_LABEL_CLAB_OWNER:root CLAB_LABEL_CLAB_TOPO_FILE:/kubecraft/DrewElliot_kubecraft/lessons/clab/01-containerlab-primer/topology/lab.clab.yml CLAB_LABEL_CONTAINERLAB:first-lab NO_PROXY:localhost,127.0.0.1,::1,*.local,172.20.20.0/24,3fff:172:20:20::/64,srl1,srl2 SRLINUX:1 no_proxy:localhost,127.0.0.1,::1,*.local,172.20.20.0/24,3fff:172:20:20::/64,srl1,srl2] Binds:[/root/.ssh/authorized_keys:/home/admin/.ssh/authorized_keys /kubecraft/DrewElliot_kubecraft/lessons/clab/01-containerlab-primer/topology/clab-first-lab/srl2/config:/etc/opt/srlinux/:rw /kubecraft/DrewElliot_kubecraft/lessons/clab/01-containerlab-primer/topology/clab-first-lab/srl2/topology.yml:/tmp/topology.yml:ro] Devices:[] CapAdd:[] ShmSize: PortBindings:map[] ResultingPortBindings:[] PortSet:map[] NetworkMode: PidMode: MgmtNet: MgmtIntf: MgmtIPv4Address: MgmtIPv4PrefixLength:0 MgmtIPv6Address: MgmtIPv6PrefixLength:0 MgmtIPv4Gateway: MgmtIPv6Gateway: MacAddress: ContainerID: TLSCert: TLSKey: TLSAnchor: Certificate:0xc00018c900 Healthcheck:<nil> Aliases:[] ExtraHosts:[] Labels:map[clab-mgmt-net-bridge:br-5a1af72f6a07 clab-node-group: clab-node-kind:srl clab-node-lab-dir:/kubecraft/DrewElliot_kubecraft/lessons/clab/01-containerlab-primer/topology/clab-first-lab/srl2 clab-node-longname:clab-first-lab-srl2 clab-node-name:srl2 clab-node-type:ixr-d2l clab-owner:root clab-topo-file:/kubecraft/DrewElliot_kubecraft/lessons/clab/01-containerlab-primer/topology/lab.clab.yml containerlab:first-lab] Runtime: CPU:0 CPUSet: Memory: Credentials:{Username:admin Password:NokiaSrl1!} Extras:<nil> Stages:0xc00018c930 DNS:0xc0003b2410 IsRootNamespaceBased:false SkipUniquenessCheck:false Components:[] Tmpfs:map[/run/netns:rw,nosuid,nodev,noexec]}
15:51:50 DEBU Creating directory structure for SRL container: srl2
15:51:50 DEBU {1a:9c:01:00:00:00} /kubecraft/DrewElliot_kubecraft/lessons/clab/01-containerlab-primer/topology/clab-first-lab/srl2/topology.yml="missing value"
15:51:50 DEBU configuration template for node srl2 is empty, skipping startup config file generation
15:51:50 INFO Creating container name=srl2
15:51:50 DEBU configuration template for node srl1 is empty, skipping startup config file generation
15:51:50 INFO Creating container name=srl1
15:51:50 DEBU Container "srl2" create response: {ID:0266daf91a5dd946a1030eef21ec5b84ef2f67ef2da3bca9be605eb7d8166c1a Warnings:[]}
15:51:50 DEBU Start container: "clab-first-lab-srl2"
15:51:50 DEBU Container "srl1" create response: {ID:d03465fe19914a8bbeb05cdee1744d20abe52e485bd4c8108d66c39f467db21d Warnings:[]}
15:51:50 DEBU Start container: "clab-first-lab-srl1"
15:51:50 DEBU Container started: "clab-first-lab-srl1"
15:51:50 DEBU Filter key: name, filter value: ^clab-first-lab-srl1$
15:51:50 DEBU Container started: "clab-first-lab-srl2"
15:51:50 DEBU Filter key: name, filter value: ^clab-first-lab-srl2$
15:51:50 DEBU StateChange: Done -> srl1 - create
15:51:50 DEBU Stage Change: Enter Wait -> srl1 - create-links
15:51:50 DEBU Stage Change: Enter Go -> srl1 - create-links
15:51:50 DEBU Creating Endpoint: srl1:e1-1 ( --> srl2:e1-1 )
15:51:50 DEBU StateChange: Done -> srl2 - create
15:51:50 DEBU Stage Change: Enter Wait -> srl2 - create-links
15:51:50 DEBU Stage Change: Enter Go -> srl2 - create-links
15:51:50 DEBU StateChange: Done -> srl1 - create-links
15:51:50 DEBU Stage Change: Enter Wait -> srl1 - configure
15:51:50 DEBU Stage Change: Enter Go -> srl1 - configure
15:51:50 INFO Running postdeploy actions kind=srl node=srl1
15:51:50 DEBU Assigning Endpoint: srl2:e1-1 ( --> srl1:e1-1 )
15:51:50 DEBU failed loading csr /kubecraft/DrewElliot_kubecraft/lessons/clab/01-containerlab-primer/topology/clab-first-lab/.tls/srl1/srl1.csr, continuing anyways
15:51:50 DEBU Method GetHostsPath was called with a resulting path "/var/lib/docker/containers/d03465fe19914a8bbeb05cdee1744d20abe52e485bd4c8108d66c39f467db21d/hosts"
15:51:50 DEBU Waiting for SR Linux node "srl1" to boot...
15:51:50 DEBU /clab-first-lab-srl1 exec created clab-first-lab-srl1
15:51:50 DEBU /clab-first-lab-srl1 exec attached clab-first-lab-srl1
15:51:50 INFO Created link: srl1:e1-1 ▪┄┄▪ srl2:e1-1
15:51:50 DEBU StateChange: Done -> srl2 - create-links
15:51:50 DEBU Stage Change: Enter Wait -> srl2 - configure
15:51:50 DEBU Stage Change: Enter Go -> srl2 - configure
15:51:50 INFO Running postdeploy actions kind=srl node=srl2
15:51:50 DEBU failed loading csr /kubecraft/DrewElliot_kubecraft/lessons/clab/01-containerlab-primer/topology/clab-first-lab/.tls/srl2/srl2.csr, continuing anyways
15:51:50 DEBU Method GetHostsPath was called with a resulting path "/var/lib/docker/containers/0266daf91a5dd946a1030eef21ec5b84ef2f67ef2da3bca9be605eb7d8166c1a/hosts"
15:51:50 DEBU Waiting for SR Linux node "srl2" to boot...
15:51:50 DEBU /clab-first-lab-srl2 exec created clab-first-lab-srl2
15:51:50 DEBU /clab-first-lab-srl2 exec attached clab-first-lab-srl2
15:51:52 DEBU mgmt_server status check failed, output: 
Cmd: /opt/srlinux/bin/sr_cli -d info from state system app-management application mgmt_server state | grep running
ReturnCode: 1
Stdout: "Warning: connection with server is down\n"
Stderr: "13:51:51.537 [WARNING] (MainThread) Failed to contact the AAA server. Further communication will be blackholed until connection succeeds\nParsing error: Unknown token 'system'. Options are ['#', '>', '>>', 'depth', 'detail', 'flat', 'with-context']\n"
15:51:52 DEBU mgmt_server status check failed, output: 
Cmd: /opt/srlinux/bin/sr_cli -d info from state system app-management application mgmt_server state | grep running
ReturnCode: 1
Stdout: "Warning: connection with server is down\n"
Stderr: "13:51:51.539 [WARNING] (MainThread) Failed to contact the AAA server. Further communication will be blackholed until connection succeeds\nParsing error: Unknown token 'system'. Options are ['#', '>', '>>', 'depth', 'detail', 'flat', 'with-context']\n"
15:51:53 DEBU /clab-first-lab-srl1 exec created clab-first-lab-srl1
15:51:53 DEBU /clab-first-lab-srl1 exec attached clab-first-lab-srl1
15:51:53 DEBU /clab-first-lab-srl2 exec created clab-first-lab-srl2
15:51:53 DEBU /clab-first-lab-srl2 exec attached clab-first-lab-srl2
15:51:53 DEBU mgmt_server status check failed, output: 
Cmd: /opt/srlinux/bin/sr_cli -d info from state system app-management application mgmt_server state | grep running
ReturnCode: 1
Stdout: "Warning: connection with server is down\n"
Stderr: "13:51:53.561 [WARNING] (MainThread) Failed to contact the AAA server. Further communication will be blackholed until connection succeeds\nParsing error: Unknown token 'system'. Options are ['#', '>', '>>', 'depth', 'detail', 'flat', 'with-context']\n"
15:51:53 DEBU mgmt_server status check failed, output: 
Cmd: /opt/srlinux/bin/sr_cli -d info from state system app-management application mgmt_server state | grep running
ReturnCode: 1
Stderr: "13:51:53.676 [WARNING] (MainThread) Failed to contact the AAA server. Further communication will be blackholed until connection succeeds\nParsing error: Unknown token 'system'. Options are ['#', '>', '>>', 'depth', 'detail', 'flat', 'with-context']\n"
15:51:54 DEBU /clab-first-lab-srl1 exec created clab-first-lab-srl1
15:51:54 DEBU /clab-first-lab-srl1 exec attached clab-first-lab-srl1
15:51:54 DEBU /clab-first-lab-srl2 exec created clab-first-lab-srl2
15:51:54 DEBU /clab-first-lab-srl2 exec attached clab-first-lab-srl2
15:51:58 DEBU mgmt_server status check failed, output: 
Cmd: /opt/srlinux/bin/sr_cli -d info from state system app-management application mgmt_server state | grep running
ReturnCode: 1
Stdout: "Warning: connection with server is down\n"
Stderr: "13:51:55.747 [WARNING] (MainThread) Failed to contact the AAA server. Further communication will be blackholed until connection succeeds\nParsing error: Unknown token 'system'. Options are ['#', '>', '>>', 'depth', 'detail', 'flat', 'with-context']\n"
15:51:59 DEBU mgmt_server status check failed, output: 
Cmd: /opt/srlinux/bin/sr_cli -d info from state system app-management application mgmt_server state | grep running
ReturnCode: 1
Stdout: "Warning: connection with server is down\n"
Stderr: "13:51:55.991 [WARNING] (MainThread) Failed to contact the AAA server. Further communication will be blackholed until connection succeeds\nParsing error: Unknown token 'system'. Options are ['#', '>', '>>', 'depth', 'detail', 'flat', 'with-context']\n"
15:51:59 DEBU /clab-first-lab-srl1 exec created clab-first-lab-srl1
15:51:59 DEBU /clab-first-lab-srl1 exec attached clab-first-lab-srl1
15:52:00 DEBU /clab-first-lab-srl2 exec created clab-first-lab-srl2
15:52:00 DEBU /clab-first-lab-srl2 exec attached clab-first-lab-srl2
15:52:01 DEBU mgmt_server status check failed, output: 
Cmd: /opt/srlinux/bin/sr_cli -d info from state system app-management application mgmt_server state | grep running
ReturnCode: 1
Stderr: "Parsing error: Unknown token 'system'. Options are ['#', '>', '>>', 'depth', 'detail', 'flat', 'with-context']\n"
15:52:02 DEBU /clab-first-lab-srl1 exec created clab-first-lab-srl1
15:52:02 DEBU /clab-first-lab-srl1 exec attached clab-first-lab-srl1
15:52:02 DEBU mgmt_server status check failed, output: 
Cmd: /opt/srlinux/bin/sr_cli -d info from state system app-management application mgmt_server state | grep running
ReturnCode: 1
Stderr: "Error: Not yet ready - initial config loading has not finished\n"
15:52:03 DEBU /clab-first-lab-srl2 exec created clab-first-lab-srl2
15:52:03 DEBU /clab-first-lab-srl2 exec attached clab-first-lab-srl2
15:52:03 DEBU mgmt_server status check failed, output: 
Cmd: /opt/srlinux/bin/sr_cli -d info from state system app-management application mgmt_server state | grep running
ReturnCode: 1
Stderr: "Error: Not yet ready - initial config loading has not finished\n"
15:52:04 DEBU mgmt_server status check failed, output: 
Cmd: /opt/srlinux/bin/sr_cli -d info from state system app-management application mgmt_server state | grep running
ReturnCode: 1
Stderr: "Error: Not yet ready - initial config loading has not finished\n"
15:52:04 DEBU /clab-first-lab-srl1 exec created clab-first-lab-srl1
15:52:04 DEBU /clab-first-lab-srl1 exec attached clab-first-lab-srl1
15:52:05 DEBU /clab-first-lab-srl2 exec created clab-first-lab-srl2
15:52:05 DEBU /clab-first-lab-srl2 exec attached clab-first-lab-srl2
15:52:07 DEBU /clab-first-lab-srl1 exec created clab-first-lab-srl1
15:52:07 DEBU /clab-first-lab-srl1 exec attached clab-first-lab-srl1
15:52:07 DEBU Node srl1 is ready to accept configs
15:52:07 DEBU /clab-first-lab-srl1 exec created clab-first-lab-srl1
15:52:07 DEBU /clab-first-lab-srl1 exec attached clab-first-lab-srl1
15:52:09 DEBU /clab-first-lab-srl2 exec created clab-first-lab-srl2
15:52:09 DEBU /clab-first-lab-srl2 exec attached clab-first-lab-srl2
15:52:09 DEBU Node srl2 is ready to accept configs
15:52:09 DEBU /clab-first-lab-srl2 exec created clab-first-lab-srl2
15:52:09 DEBU /clab-first-lab-srl2 exec attached clab-first-lab-srl2
15:52:09 DEBU SR Linux node srl1 extracted raw version. stdout:             version v24.10.1-492-gf8858c5836
, stderr: 
15:52:09 DEBU /clab-first-lab-srl1 exec created clab-first-lab-srl1
15:52:09 DEBU /clab-first-lab-srl1 exec attached clab-first-lab-srl1
15:52:10 DEBU SR Linux node srl2 extracted raw version. stdout:             version v24.10.1-492-gf8858c5836
, stderr: 
15:52:10 DEBU /clab-first-lab-srl2 exec created clab-first-lab-srl2
15:52:10 DEBU /clab-first-lab-srl2 exec attached clab-first-lab-srl2
15:52:10 DEBU SR Linux node srl1 OpenConfig feature output. stdout:             openconfig
, stderr: 
15:52:10 DEBU StateChange: Done -> srl1 - configure
15:52:10 DEBU Worker 0 terminating...
15:52:11 DEBU SR Linux node srl2 OpenConfig feature output. stdout:             openconfig
, stderr: 
15:52:11 DEBU StateChange: Done -> srl2 - configure
15:52:11 DEBU Worker 1 terminating...
15:52:11 DEBU Exported topology data using  template
15:52:11 DEBU Filter key: name, filter value: ^clab-first-lab-srl1$
15:52:11 DEBU Filter key: name, filter value: ^clab-first-lab-srl2$
15:52:11 INFO Adding host entries path=/etc/hosts
15:52:11 DEBU Filter key: name, filter value: ^clab-first-lab-srl1$
15:52:11 DEBU Filter key: name, filter value: ^clab-first-lab-srl2$
15:52:11 INFO Adding SSH config for nodes path=/etc/ssh/ssh_config.d/clab-first-lab.conf
[1m╭[0m[1m─────────────────────[0m[1m┬[0m[1m───────────────────────────────[0m[1m┬[0m[1m─────────[0m[1m┬[0m[1m───────────────────[0m[1m╮[0m
[1m│[0m[1m         Name        [0m[1m│[0m[1m           Kind/Image          [0m[1m│[0m[1m  State  [0m[1m│[0m[1m   IPv4/6 Address  [0m[1m│[0m
[1m├[0m[1m─────────────────────[0m[1m┼[0m[1m───────────────────────────────[0m[1m┼[0m[1m─────────[0m[1m┼[0m[1m───────────────────[0m[1m┤[0m
│ clab-first-lab-srl1 │ srl                           │ running │ 172.20.20.3       │
│                     │ ghcr.io/nokia/srlinux:24.10.1 │         │ 3fff:172:20:20::3 │
├─────────────────────┼───────────────────────────────┼─────────┼───────────────────┤
│ clab-first-lab-srl2 │ srl                           │ running │ 172.20.20.2       │
│                     │ ghcr.io/nokia/srlinux:24.10.1 │         │ 3fff:172:20:20::2 │
╰─────────────────────┴───────────────────────────────┴─────────┴───────────────────╯
